
> shopease-ecommerce@0.1.0 build
> tsc && vite build

src/pages/Products.tsx(102,9): error TS6133: 'formatPrice' is declared but its value is never read.
